Traceback (most recent call last):
  File "/jet/home/byler/miniconda3/envs/llava/lib/python3.10/site-packages/transformers/utils/import_utils.py", line 1364, in _get_module
    return importlib.import_module("." + module_name, self.__name__)
  File "/jet/home/byler/miniconda3/envs/llava/lib/python3.10/importlib/__init__.py", line 126, in import_module
    return _bootstrap._gcd_import(name[level:], package, level)
  File "<frozen importlib._bootstrap>", line 1050, in _gcd_import
  File "<frozen importlib._bootstrap>", line 1027, in _find_and_load
  File "<frozen importlib._bootstrap>", line 1006, in _find_and_load_unlocked
  File "<frozen importlib._bootstrap>", line 688, in _load_unlocked
  File "<frozen importlib._bootstrap_external>", line 883, in exec_module
  File "<frozen importlib._bootstrap>", line 241, in _call_with_frames_removed
  File "/jet/home/byler/miniconda3/envs/llava/lib/python3.10/site-packages/transformers/trainer.py", line 190, in <module>
    from peft import PeftModel
  File "/jet/home/byler/miniconda3/envs/llava/lib/python3.10/site-packages/peft/__init__.py", line 17, in <module>
    from .auto import (
  File "/jet/home/byler/miniconda3/envs/llava/lib/python3.10/site-packages/peft/auto.py", line 31, in <module>
    from .config import PeftConfig
  File "/jet/home/byler/miniconda3/envs/llava/lib/python3.10/site-packages/peft/config.py", line 24, in <module>
    from .utils import CONFIG_NAME, PeftType, TaskType
  File "/jet/home/byler/miniconda3/envs/llava/lib/python3.10/site-packages/peft/utils/__init__.py", line 16, in <module>
    from .loftq_utils import replace_lora_weights_loftq
  File "/jet/home/byler/miniconda3/envs/llava/lib/python3.10/site-packages/peft/utils/loftq_utils.py", line 25, in <module>
    from accelerate.utils.memory import clear_device_cache
ImportError: cannot import name 'clear_device_cache' from 'accelerate.utils.memory' (/jet/home/byler/miniconda3/envs/llava/lib/python3.10/site-packages/accelerate/utils/memory.py)

The above exception was the direct cause of the following exception:

Traceback (most recent call last):
  File "/ocean/projects/cis240145p/byler/ben/llavagraph1.5/llava/train/train_mem.py", line 1, in <module>
    from llava.train import train
  File "/ocean/projects/cis240145p/byler/ben/llavagraph1.5/llava/train/train.py", line 32, in <module>
    from llava.train.llava_trainer import LLaVATrainer
  File "/ocean/projects/cis240145p/byler/ben/llavagraph1.5/llava/train/llava_trainer.py", line 7, in <module>
    from transformers import Trainer
  File "<frozen importlib._bootstrap>", line 1075, in _handle_fromlist
  File "/jet/home/byler/miniconda3/envs/llava/lib/python3.10/site-packages/transformers/utils/import_utils.py", line 1354, in __getattr__
    module = self._get_module(self._class_to_module[name])
  File "/jet/home/byler/miniconda3/envs/llava/lib/python3.10/site-packages/transformers/utils/import_utils.py", line 1366, in _get_module
    raise RuntimeError(
RuntimeError: Failed to import transformers.trainer because of the following error (look up to see its traceback):
cannot import name 'clear_device_cache' from 'accelerate.utils.memory' (/jet/home/byler/miniconda3/envs/llava/lib/python3.10/site-packages/accelerate/utils/memory.py)
