You are using a model of type llava to instantiate a model of type llava_llama. This is not supported for all configurations of models and can yield errors.
/jet/home/byler/miniconda3/envs/llava/lib/python3.10/site-packages/huggingface_hub/file_download.py:943: FutureWarning: `resume_download` is deprecated and will be removed in version 1.0.0. Downloads always resume when possible. If you want to force a new download, use `force_download=True`.
  warnings.warn(
Loading checkpoint shards:   0%|          | 0/2 [00:00<?, ?it/s]/jet/home/byler/miniconda3/envs/llava/lib/python3.10/site-packages/torch/_utils.py:831: UserWarning: TypedStorage is deprecated. It will be removed in the future and UntypedStorage will be the only storage class. This should only matter to you if you are using storages directly.  To access UntypedStorage directly, use tensor.untyped_storage() instead of tensor.storage()
  return self.fget.__get__(instance, owner)()
Loading checkpoint shards:  50%|█████     | 1/2 [03:06<03:06, 186.69s/it]Loading checkpoint shards: 100%|██████████| 2/2 [04:28<00:00, 125.08s/it]Loading checkpoint shards: 100%|██████████| 2/2 [04:28<00:00, 134.33s/it]
Detected kernel version 4.18.0, which is below the recommended minimum of 5.5.0; this can cause the process to hang. It is recommended to upgrade the kernel to the minimum version or higher.
Traceback (most recent call last):
  File "/ocean/projects/cis240145p/byler/ben/llavagraph1.5/llava/train/train_mem.py", line 3, in <module>
    train.train()
  File "/ocean/projects/cis240145p/byler/ben/llavagraph1.5/llava/train/train.py", line 962, in train
    trainer = LLaVATrainer(model=model,
  File "/jet/home/byler/miniconda3/envs/llava/lib/python3.10/site-packages/transformers/trainer.py", line 503, in __init__
    self.callback_handler = CallbackHandler(
  File "/jet/home/byler/miniconda3/envs/llava/lib/python3.10/site-packages/transformers/trainer_callback.py", line 313, in __init__
    self.add_callback(cb)
  File "/jet/home/byler/miniconda3/envs/llava/lib/python3.10/site-packages/transformers/trainer_callback.py", line 330, in add_callback
    cb = callback() if isinstance(callback, type) else callback
  File "/jet/home/byler/miniconda3/envs/llava/lib/python3.10/site-packages/transformers/integrations/integration_utils.py", line 591, in __init__
    raise RuntimeError(
RuntimeError: TensorBoardCallback requires tensorboard to be installed. Either update your PyTorch version or install tensorboardX.
