You are using a model of type llava to instantiate a model of type llava_llama. This is not supported for all configurations of models and can yield errors.
/jet/home/byler/miniconda3/envs/llava/lib/python3.10/site-packages/huggingface_hub/file_download.py:943: FutureWarning: `resume_download` is deprecated and will be removed in version 1.0.0. Downloads always resume when possible. If you want to force a new download, use `force_download=True`.
  warnings.warn(
Loading checkpoint shards:   0%|          | 0/2 [00:00<?, ?it/s]/jet/home/byler/miniconda3/envs/llava/lib/python3.10/site-packages/torch/_utils.py:831: UserWarning: TypedStorage is deprecated. It will be removed in the future and UntypedStorage will be the only storage class. This should only matter to you if you are using storages directly.  To access UntypedStorage directly, use tensor.untyped_storage() instead of tensor.storage()
  return self.fget.__get__(instance, owner)()
Loading checkpoint shards:  50%|█████     | 1/2 [02:04<02:04, 124.44s/it]Loading checkpoint shards: 100%|██████████| 2/2 [02:06<00:00, 52.74s/it] Loading checkpoint shards: 100%|██████████| 2/2 [02:06<00:00, 63.49s/it]
Detected kernel version 4.18.0, which is below the recommended minimum of 5.5.0; this can cause the process to hang. It is recommended to upgrade the kernel to the minimum version or higher.
  0%|          | 0/81 [00:00<?, ?it/s]/jet/home/byler/miniconda3/envs/llava/lib/python3.10/site-packages/torch/utils/checkpoint.py:429: UserWarning: torch.utils.checkpoint: please pass in use_reentrant=True or use_reentrant=False explicitly. The default value of use_reentrant will be updated to be False in the future. To maintain current behavior, pass use_reentrant=True. It is recommended that you use use_reentrant=False. Refer to docs for more details on the differences between the two variants.
  warnings.warn(
/jet/home/byler/miniconda3/envs/llava/lib/python3.10/site-packages/torch/utils/checkpoint.py:61: UserWarning: None of the inputs have requires_grad=True. Gradients will be None
  warnings.warn(
Traceback (most recent call last):
  File "/ocean/projects/cis240145p/byler/ben/llavagraph1.5/llava/train/train_mem.py", line 3, in <module>
    train.train()
  File "/ocean/projects/cis240145p/byler/ben/llavagraph1.5/llava/train/train.py", line 970, in train
    trainer.train()
  File "/jet/home/byler/miniconda3/envs/llava/lib/python3.10/site-packages/transformers/trainer.py", line 1539, in train
    return inner_training_loop(
  File "/jet/home/byler/miniconda3/envs/llava/lib/python3.10/site-packages/transformers/trainer.py", line 1869, in _inner_training_loop
    tr_loss_step = self.training_step(model, inputs)
  File "/jet/home/byler/miniconda3/envs/llava/lib/python3.10/site-packages/transformers/trainer.py", line 2772, in training_step
    loss = self.compute_loss(model, inputs)
  File "/jet/home/byler/miniconda3/envs/llava/lib/python3.10/site-packages/transformers/trainer.py", line 2795, in compute_loss
    outputs = model(**inputs)
  File "/jet/home/byler/miniconda3/envs/llava/lib/python3.10/site-packages/torch/nn/modules/module.py", line 1518, in _wrapped_call_impl
    return self._call_impl(*args, **kwargs)
  File "/jet/home/byler/miniconda3/envs/llava/lib/python3.10/site-packages/torch/nn/modules/module.py", line 1527, in _call_impl
    return forward_call(*args, **kwargs)
  File "/jet/home/byler/miniconda3/envs/llava/lib/python3.10/site-packages/deepspeed/utils/nvtx.py", line 15, in wrapped_fn
    ret_val = func(*args, **kwargs)
  File "/jet/home/byler/miniconda3/envs/llava/lib/python3.10/site-packages/deepspeed/runtime/engine.py", line 1833, in forward
    loss = self.module(*inputs, **kwargs)
  File "/jet/home/byler/miniconda3/envs/llava/lib/python3.10/site-packages/torch/nn/modules/module.py", line 1518, in _wrapped_call_impl
    return self._call_impl(*args, **kwargs)
  File "/jet/home/byler/miniconda3/envs/llava/lib/python3.10/site-packages/torch/nn/modules/module.py", line 1568, in _call_impl
    result = forward_call(*args, **kwargs)
  File "/jet/home/byler/miniconda3/envs/llava/lib/python3.10/site-packages/peft/peft_model.py", line 1073, in forward
    return self.base_model(
  File "/jet/home/byler/miniconda3/envs/llava/lib/python3.10/site-packages/torch/nn/modules/module.py", line 1518, in _wrapped_call_impl
    return self._call_impl(*args, **kwargs)
  File "/jet/home/byler/miniconda3/envs/llava/lib/python3.10/site-packages/torch/nn/modules/module.py", line 1568, in _call_impl
    result = forward_call(*args, **kwargs)
  File "/jet/home/byler/miniconda3/envs/llava/lib/python3.10/site-packages/peft/tuners/tuners_utils.py", line 103, in forward
    return self.model.forward(*args, **kwargs)
  File "/ocean/projects/cis240145p/byler/ben/llavagraph1.5/llava/model/language_model/llava_llama.py", line 81, in forward
    ) = self.prepare_inputs_labels_for_multimodal(
  File "/ocean/projects/cis240145p/byler/ben/llavagraph1.5/llava/model/llava_arch.py", line 221, in prepare_inputs_labels_for_multimodal
    image_features = self.encode_images(images)
  File "/ocean/projects/cis240145p/byler/ben/llavagraph1.5/llava/model/llava_arch.py", line 157, in encode_images
    image_features = self.get_model().mm_projector(image_features)
  File "/jet/home/byler/miniconda3/envs/llava/lib/python3.10/site-packages/torch/nn/modules/module.py", line 1518, in _wrapped_call_impl
    return self._call_impl(*args, **kwargs)
  File "/jet/home/byler/miniconda3/envs/llava/lib/python3.10/site-packages/torch/nn/modules/module.py", line 1568, in _call_impl
    result = forward_call(*args, **kwargs)
  File "/jet/home/byler/miniconda3/envs/llava/lib/python3.10/site-packages/torch/nn/modules/container.py", line 215, in forward
    input = module(input)
  File "/jet/home/byler/miniconda3/envs/llava/lib/python3.10/site-packages/torch/nn/modules/module.py", line 1518, in _wrapped_call_impl
    return self._call_impl(*args, **kwargs)
  File "/jet/home/byler/miniconda3/envs/llava/lib/python3.10/site-packages/torch/nn/modules/module.py", line 1568, in _call_impl
    result = forward_call(*args, **kwargs)
  File "/jet/home/byler/miniconda3/envs/llava/lib/python3.10/site-packages/torch/nn/modules/linear.py", line 114, in forward
    return F.linear(input, self.weight, self.bias)
  File "/jet/home/byler/miniconda3/envs/llava/lib/python3.10/site-packages/deepspeed/runtime/zero/linear.py", line 111, in zero3_linear_wrap
    return LinearFunctionForZeroStage3.apply(input, weight, bias)
  File "/jet/home/byler/miniconda3/envs/llava/lib/python3.10/site-packages/torch/autograd/function.py", line 539, in apply
    return super().apply(*args, **kwargs)  # type: ignore[misc]
  File "/jet/home/byler/miniconda3/envs/llava/lib/python3.10/site-packages/torch/cuda/amp/autocast_mode.py", line 113, in decorate_fwd
    return fwd(*args, **kwargs)
  File "/jet/home/byler/miniconda3/envs/llava/lib/python3.10/site-packages/deepspeed/runtime/zero/linear.py", line 53, in forward
    if input.dim() == 2 and bias is not None:
AttributeError: 'NoneType' object has no attribute 'dim'
  0%|          | 0/81 [00:16<?, ?it/s]
